Collecting tensorflow==2.16.2 (from tensorflow[and-cuda]==2.16.2)
  Downloading tensorflow-2.16.2-cp312-cp312-manylinux_2_17_x86_64.manylinux2014_x86_64.whl.metadata (4.2 kB)
Collecting keras==3.4.1
  Downloading keras-3.4.1-py3-none-any.whl.metadata (5.8 kB)
Collecting numpy==1.26.4
  Using cached numpy-1.26.4-cp312-cp312-manylinux_2_17_x86_64.manylinux2014_x86_64.whl.metadata (61 kB)
Collecting scipy==1.13.1
  Using cached scipy-1.13.1-cp312-cp312-manylinux_2_17_x86_64.manylinux2014_x86_64.whl.metadata (60 kB)
Collecting scikit-learn==1.5.2
  Using cached scikit_learn-1.5.2-cp312-cp312-manylinux_2_17_x86_64.manylinux2014_x86_64.whl.metadata (13 kB)
Collecting joblib==1.4.2
  Using cached joblib-1.4.2-py3-none-any.whl.metadata (5.4 kB)
Collecting threadpoolctl==3.5.0
  Using cached threadpoolctl-3.5.0-py3-none-any.whl.metadata (13 kB)
Collecting h5py==3.11.0
  Downloading h5py-3.11.0-cp312-cp312-manylinux_2_17_x86_64.manylinux2014_x86_64.whl.metadata (2.5 kB)
Collecting absl-py>=1.0.0 (from tensorflow==2.16.2->tensorflow[and-cuda]==2.16.2)
  Using cached absl_py-2.5.0-py3-none-any.whl.metadata (3.3 kB)
Collecting astunparse>=1.6.0 (from tensorflow==2.16.2->tensorflow[and-cuda]==2.16.2)
  Downloading astunparse-1.6.3-py2.py3-none-any.whl.metadata (4.4 kB)
Collecting flatbuffers>=23.5.26 (from tensorflow==2.16.2->tensorflow[and-cuda]==2.16.2)
  Downloading flatbuffers-25.12.19-py2.py3-none-any.whl.metadata (1.0 kB)
Collecting gast!=0.5.0,!=0.5.1,!=0.5.2,>=0.2.1 (from tensorflow==2.16.2->tensorflow[and-cuda]==2.16.2)
  Downloading gast-0.7.0-py3-none-any.whl.metadata (1.5 kB)
Collecting google-pasta>=0.1.1 (from tensorflow==2.16.2->tensorflow[and-cuda]==2.16.2)
  Downloading google_pasta-0.2.0-py3-none-any.whl.metadata (814 bytes)
Collecting libclang>=13.0.0 (from tensorflow==2.16.2->tensorflow[and-cuda]==2.16.2)
  Downloading libclang-18.1.1-py2.py3-none-manylinux2010_x86_64.whl.metadata (5.2 kB)
Collecting ml-dtypes~=0.3.1 (from tensorflow==2.16.2->tensorflow[and-cuda]==2.16.2)
  Downloading ml_dtypes-0.3.2-cp312-cp312-manylinux_2_17_x86_64.manylinux2014_x86_64.whl.metadata (20 kB)
Collecting opt-einsum>=2.3.2 (from tensorflow==2.16.2->tensorflow[and-cuda]==2.16.2)
  Downloading opt_einsum-3.4.0-py3-none-any.whl.metadata (6.3 kB)
Collecting packaging (from tensorflow==2.16.2->tensorflow[and-cuda]==2.16.2)
  Using cached packaging-26.3-py3-none-any.whl.metadata (3.5 kB)
Collecting protobuf!=4.21.0,!=4.21.1,!=4.21.2,!=4.21.3,!=4.21.4,!=4.21.5,<5.0.0dev,>=3.20.3 (from tensorflow==2.16.2->tensorflow[and-cuda]==2.16.2)
  Downloading protobuf-4.25.9-cp37-abi3-manylinux2014_x86_64.whl.metadata (541 bytes)
Collecting requests<3,>=2.21.0 (from tensorflow==2.16.2->tensorflow[and-cuda]==2.16.2)
  Using cached requests-2.34.2-py3-none-any.whl.metadata (4.8 kB)
Collecting setuptools (from tensorflow==2.16.2->tensorflow[and-cuda]==2.16.2)
  Downloading setuptools-84.0.0-py3-none-any.whl.metadata (6.6 kB)
Collecting six>=1.12.0 (from tensorflow==2.16.2->tensorflow[and-cuda]==2.16.2)
  Using cached six-1.17.0-py2.py3-none-any.whl.metadata (1.7 kB)
Collecting termcolor>=1.1.0 (from tensorflow==2.16.2->tensorflow[and-cuda]==2.16.2)
  Downloading termcolor-3.3.0-py3-none-any.whl.metadata (6.5 kB)
Collecting typing-extensions>=3.6.6 (from tensorflow==2.16.2->tensorflow[and-cuda]==2.16.2)
  Using cached typing_extensions-4.16.0-py3-none-any.whl.metadata (3.3 kB)
Collecting wrapt>=1.11.0 (from tensorflow==2.16.2->tensorflow[and-cuda]==2.16.2)
  Downloading wrapt-2.4.1-cp312-cp312-manylinux1_x86_64.manylinux_2_28_x86_64.manylinux_2_5_x86_64.whl.metadata (7.4 kB)
Collecting grpcio<2.0,>=1.24.3 (from tensorflow==2.16.2->tensorflow[and-cuda]==2.16.2)
  Downloading grpcio-1.84.0-cp312-cp312-manylinux2014_x86_64.manylinux_2_17_x86_64.whl.metadata (3.8 kB)
Collecting tensorboard<2.17,>=2.16 (from tensorflow==2.16.2->tensorflow[and-cuda]==2.16.2)
  Downloading tensorboard-2.16.2-py3-none-any.whl.metadata (1.6 kB)
Collecting rich (from keras==3.4.1)
  Using cached rich-15.0.0-py3-none-any.whl.metadata (18 kB)
Collecting namex (from keras==3.4.1)
  Using cached namex-0.1.0-py3-none-any.whl.metadata (322 bytes)
Collecting optree (from keras==3.4.1)
  Downloading optree-0.20.0-cp312-cp312-manylinux_2_27_x86_64.manylinux_2_28_x86_64.whl.metadata (32 kB)
Collecting nvidia-cublas-cu12==12.3.4.1 (from tensorflow[and-cuda]==2.16.2)
  Downloading nvidia_cublas_cu12-12.3.4.1-py3-none-manylinux1_x86_64.whl.metadata (1.5 kB)
Collecting nvidia-cuda-cupti-cu12==12.3.101 (from tensorflow[and-cuda]==2.16.2)
  Downloading nvidia_cuda_cupti_cu12-12.3.101-py3-none-manylinux1_x86_64.whl.metadata (1.6 kB)
Collecting nvidia-cuda-nvcc-cu12==12.3.107 (from tensorflow[and-cuda]==2.16.2)
  Downloading nvidia_cuda_nvcc_cu12-12.3.107-py3-none-manylinux1_x86_64.whl.metadata (1.5 kB)
Collecting nvidia-cuda-nvrtc-cu12==12.3.107 (from tensorflow[and-cuda]==2.16.2)
  Downloading nvidia_cuda_nvrtc_cu12-12.3.107-py3-none-manylinux1_x86_64.whl.metadata (1.5 kB)
Collecting nvidia-cuda-runtime-cu12==12.3.101 (from tensorflow[and-cuda]==2.16.2)
  Downloading nvidia_cuda_runtime_cu12-12.3.101-py3-none-manylinux1_x86_64.whl.metadata (1.5 kB)
Collecting nvidia-cudnn-cu12==8.9.7.29 (from tensorflow[and-cuda]==2.16.2)
  Downloading nvidia_cudnn_cu12-8.9.7.29-py3-none-manylinux1_x86_64.whl.metadata (1.6 kB)
Collecting nvidia-cufft-cu12==11.0.12.1 (from tensorflow[and-cuda]==2.16.2)
  Downloading nvidia_cufft_cu12-11.0.12.1-py3-none-manylinux1_x86_64.whl.metadata (1.5 kB)
Collecting nvidia-curand-cu12==10.3.4.107 (from tensorflow[and-cuda]==2.16.2)
  Downloading nvidia_curand_cu12-10.3.4.107-py3-none-manylinux1_x86_64.whl.metadata (1.5 kB)
Collecting nvidia-cusolver-cu12==11.5.4.101 (from tensorflow[and-cuda]==2.16.2)
  Downloading nvidia_cusolver_cu12-11.5.4.101-py3-none-manylinux1_x86_64.whl.metadata (1.6 kB)
Collecting nvidia-cusparse-cu12==12.2.0.103 (from tensorflow[and-cuda]==2.16.2)
  Downloading nvidia_cusparse_cu12-12.2.0.103-py3-none-manylinux1_x86_64.whl.metadata (1.6 kB)
Collecting nvidia-nccl-cu12==2.19.3 (from tensorflow[and-cuda]==2.16.2)
  Downloading nvidia_nccl_cu12-2.19.3-py3-none-manylinux1_x86_64.whl.metadata (1.8 kB)
Collecting nvidia-nvjitlink-cu12==12.3.101 (from tensorflow[and-cuda]==2.16.2)
  Downloading nvidia_nvjitlink_cu12-12.3.101-py3-none-manylinux1_x86_64.whl.metadata (1.5 kB)
Collecting wheel<1.0,>=0.23.0 (from astunparse>=1.6.0->tensorflow==2.16.2->tensorflow[and-cuda]==2.16.2)
  Downloading wheel-0.48.0-py3-none-any.whl.metadata (2.3 kB)
Collecting charset_normalizer<4,>=2 (from requests<3,>=2.21.0->tensorflow==2.16.2->tensorflow[and-cuda]==2.16.2)
  Using cached charset_normalizer-3.5.1-cp312-cp312-manylinux2014_x86_64.manylinux_2_17_x86_64.manylinux_2_28_x86_64.whl.metadata (45 kB)
Collecting idna<4,>=2.5 (from requests<3,>=2.21.0->tensorflow==2.16.2->tensorflow[and-cuda]==2.16.2)
  Downloading idna-3.20-py3-none-any.whl.metadata (7.2 kB)
Collecting urllib3<3,>=1.26 (from requests<3,>=2.21.0->tensorflow==2.16.2->tensorflow[and-cuda]==2.16.2)
  Downloading urllib3-2.8.0-py3-none-any.whl.metadata (7.4 kB)
Collecting certifi>=2023.5.7 (from requests<3,>=2.21.0->tensorflow==2.16.2->tensorflow[and-cuda]==2.16.2)
  Using cached certifi-2026.7.22-py3-none-any.whl.metadata (2.5 kB)
Collecting markdown>=2.6.8 (from tensorboard<2.17,>=2.16->tensorflow==2.16.2->tensorflow[and-cuda]==2.16.2)
  Downloading markdown-3.10.3-py3-none-any.whl.metadata (5.1 kB)
Collecting tensorboard-data-server<0.8.0,>=0.7.0 (from tensorboard<2.17,>=2.16->tensorflow==2.16.2->tensorflow[and-cuda]==2.16.2)
  Downloading tensorboard_data_server-0.7.2-py3-none-manylinux_2_31_x86_64.whl.metadata (1.1 kB)
Collecting werkzeug>=1.0.1 (from tensorboard<2.17,>=2.16->tensorflow==2.16.2->tensorflow[and-cuda]==2.16.2)
  Downloading werkzeug-3.1.8-py3-none-any.whl.metadata (4.0 kB)
Collecting markdown-it-py>=2.2.0 (from rich->keras==3.4.1)
  Using cached markdown_it_py-4.2.0-py3-none-any.whl.metadata (7.4 kB)
Collecting pygments<3.0.0,>=2.13.0 (from rich->keras==3.4.1)
  Using cached pygments-2.21.0-py3-none-any.whl.metadata (2.5 kB)
Collecting mdurl~=0.1 (from markdown-it-py>=2.2.0->rich->keras==3.4.1)
  Using cached mdurl-0.1.2-py3-none-any.whl.metadata (1.6 kB)
Collecting markupsafe>=2.1.1 (from werkzeug>=1.0.1->tensorboard<2.17,>=2.16->tensorflow==2.16.2->tensorflow[and-cuda]==2.16.2)
  Using cached markupsafe-3.0.3-cp312-cp312-manylinux2014_x86_64.manylinux_2_17_x86_64.manylinux_2_28_x86_64.whl.metadata (2.7 kB)
Downloading tensorflow-2.16.2-cp312-cp312-manylinux_2_17_x86_64.manylinux2014_x86_64.whl (590.8 MB)
   ━━━━━━━━━━━━━━━━━━━━━━━━━━━━━━━━━━━━━━━━ 590.8/590.8 MB 2.4 MB/s eta 0:00:00
Downloading keras-3.4.1-py3-none-any.whl (1.1 MB)
   ━━━━━━━━━━━━━━━━━━━━━━━━━━━━━━━━━━━━━━━━ 1.1/1.1 MB 5.1 MB/s eta 0:00:00
Using cached numpy-1.26.4-cp312-cp312-manylinux_2_17_x86_64.manylinux2014_x86_64.whl (18.0 MB)
Using cached scipy-1.13.1-cp312-cp312-manylinux_2_17_x86_64.manylinux2014_x86_64.whl (38.2 MB)
Using cached scikit_learn-1.5.2-cp312-cp312-manylinux_2_17_x86_64.manylinux2014_x86_64.whl (12.9 MB)
Using cached joblib-1.4.2-py3-none-any.whl (301 kB)
Using cached threadpoolctl-3.5.0-py3-none-any.whl (18 kB)
Downloading h5py-3.11.0-cp312-cp312-manylinux_2_17_x86_64.manylinux2014_x86_64.whl (5.4 MB)
   ━━━━━━━━━━━━━━━━━━━━━━━━━━━━━━━━━━━━━━━━ 5.4/5.4 MB 4.6 MB/s eta 0:00:00
Downloading nvidia_cublas_cu12-12.3.4.1-py3-none-manylinux1_x86_64.whl (412.6 MB)
   ━━━━━━━━━━━━━━━━━━━━━━━━━━━━━━━━━━━━━━━━ 412.6/412.6 MB 3.2 MB/s eta 0:00:00
Downloading nvidia_cuda_cupti_cu12-12.3.101-py3-none-manylinux1_x86_64.whl (14.0 MB)
   ━━━━━━━━━━━━━━━━━━━━━━━━━━━━━━━━━━━━━━━━ 14.0/14.0 MB 3.8 MB/s eta 0:00:00
Downloading nvidia_cuda_nvcc_cu12-12.3.107-py3-none-manylinux1_x86_64.whl (22.0 MB)
   ━━━━━━━━━━━━━━━━━━━━━━━━━━━━━━━━━━━━━━━━ 22.0/22.0 MB 4.6 MB/s eta 0:00:00
Downloading nvidia_cuda_nvrtc_cu12-12.3.107-py3-none-manylinux1_x86_64.whl (24.9 MB)
   ━━━━━━━━━━━━━━━━━━━━━━━━━━━━━━━━━━━━━━━━ 24.9/24.9 MB 3.1 MB/s eta 0:00:00
Downloading nvidia_cuda_runtime_cu12-12.3.101-py3-none-manylinux1_x86_64.whl (867 kB)
   ━━━━━━━━━━━━━━━━━━━━━━━━━━━━━━━━━━━━━━━━ 867.7/867.7 kB 20.6 MB/s eta 0:00:00
Downloading nvidia_cudnn_cu12-8.9.7.29-py3-none-manylinux1_x86_64.whl (704.7 MB)
   ━━━━━━━━━━━━━━━━━━━━━━━━━━━━━━━━━━━━━━━━ 704.7/704.7 MB 4.4 MB/s eta 0:00:00
Downloading nvidia_cufft_cu12-11.0.12.1-py3-none-manylinux1_x86_64.whl (98.8 MB)
   ━━━━━━━━━━━━━━━━━━━━━━━━━━━━━━━━━━━━━━━━ 98.8/98.8 MB 3.9 MB/s eta 0:00:00
Downloading nvidia_curand_cu12-10.3.4.107-py3-none-manylinux1_x86_64.whl (56.3 MB)
   ━━━━━━━━━━━━━━━━━━━━━━━━━━━━━━━━━━━━━━━━ 56.3/56.3 MB 4.3 MB/s eta 0:00:00
Downloading nvidia_cusolver_cu12-11.5.4.101-py3-none-manylinux1_x86_64.whl (125.2 MB)
   ━━━━━━━━━━━━━━━━━━━━━━━━━━━━━━━━━━━━━━━━ 125.2/125.2 MB 3.8 MB/s eta 0:00:00
Downloading nvidia_cusparse_cu12-12.2.0.103-py3-none-manylinux1_x86_64.whl (197.5 MB)
   ━━━━━━━━━━━━━━━━━━━━━━━━━━━━━━━━━━━━━━━━ 197.5/197.5 MB 3.6 MB/s eta 0:00:00
Downloading nvidia_nccl_cu12-2.19.3-py3-none-manylinux1_x86_64.whl (166.0 MB)
   ━━━━━━━━━━━━━━━━━━━━━━━━━━━━━━━━━━━━━━━━ 166.0/166.0 MB 3.5 MB/s eta 0:00:00
Downloading nvidia_nvjitlink_cu12-12.3.101-py3-none-manylinux1_x86_64.whl (20.5 MB)
   ━━━━━━━━━━━━━━━━━━━━━━━━━━━━━━━━━━━━━━━━ 20.5/20.5 MB 3.2 MB/s eta 0:00:00
Using cached absl_py-2.5.0-py3-none-any.whl (137 kB)
Downloading astunparse-1.6.3-py2.py3-none-any.whl (12 kB)
Downloading flatbuffers-25.12.19-py2.py3-none-any.whl (26 kB)
Downloading gast-0.7.0-py3-none-any.whl (22 kB)
Downloading google_pasta-0.2.0-py3-none-any.whl (57 kB)
   ━━━━━━━━━━━━━━━━━━━━━━━━━━━━━━━━━━━━━━━━ 57.5/57.5 kB 2.4 MB/s eta 0:00:00
Downloading grpcio-1.84.0-cp312-cp312-manylinux2014_x86_64.manylinux_2_17_x86_64.whl (7.2 MB)
   ━━━━━━━━━━━━━━━━━━━━━━━━━━━━━━━━━━━━━━━━ 7.2/7.2 MB 24.4 MB/s eta 0:00:00
Downloading libclang-18.1.1-py2.py3-none-manylinux2010_x86_64.whl (24.5 MB)
   ━━━━━━━━━━━━━━━━━━━━━━━━━━━━━━━━━━━━━━━━ 24.5/24.5 MB 17.9 MB/s eta 0:00:00
Downloading ml_dtypes-0.3.2-cp312-cp312-manylinux_2_17_x86_64.manylinux2014_x86_64.whl (2.2 MB)
   ━━━━━━━━━━━━━━━━━━━━━━━━━━━━━━━━━━━━━━━━ 2.2/2.2 MB 5.1 MB/s eta 0:00:00
Downloading opt_einsum-3.4.0-py3-none-any.whl (71 kB)
   ━━━━━━━━━━━━━━━━━━━━━━━━━━━━━━━━━━━━━━━━ 71.9/71.9 kB 3.0 MB/s eta 0:00:00
Downloading protobuf-4.25.9-cp37-abi3-manylinux2014_x86_64.whl (295 kB)
   ━━━━━━━━━━━━━━━━━━━━━━━━━━━━━━━━━━━━━━━━ 295.2/295.2 kB 10.1 MB/s eta 0:00:00
Using cached requests-2.34.2-py3-none-any.whl (73 kB)
Using cached six-1.17.0-py2.py3-none-any.whl (11 kB)
Downloading tensorboard-2.16.2-py3-none-any.whl (5.5 MB)
   ━━━━━━━━━━━━━━━━━━━━━━━━━━━━━━━━━━━━━━━━ 5.5/5.5 MB 7.1 MB/s eta 0:00:00
Downloading setuptools-84.0.0-py3-none-any.whl (818 kB)
   ━━━━━━━━━━━━━━━━━━━━━━━━━━━━━━━━━━━━━━━━ 818.2/818.2 kB 20.6 MB/s eta 0:00:00
Downloading termcolor-3.3.0-py3-none-any.whl (7.7 kB)
Using cached typing_extensions-4.16.0-py3-none-any.whl (45 kB)
Downloading wrapt-2.4.1-cp312-cp312-manylinux1_x86_64.manylinux_2_28_x86_64.manylinux_2_5_x86_64.whl (236 kB)
   ━━━━━━━━━━━━━━━━━━━━━━━━━━━━━━━━━━━━━━━━ 236.3/236.3 kB 10.0 MB/s eta 0:00:00
Using cached namex-0.1.0-py3-none-any.whl (5.9 kB)
Downloading optree-0.20.0-cp312-cp312-manylinux_2_27_x86_64.manylinux_2_28_x86_64.whl (488 kB)
   ━━━━━━━━━━━━━━━━━━━━━━━━━━━━━━━━━━━━━━━━ 489.0/489.0 kB 14.7 MB/s eta 0:00:00
Using cached packaging-26.3-py3-none-any.whl (129 kB)
Using cached rich-15.0.0-py3-none-any.whl (310 kB)
Using cached certifi-2026.7.22-py3-none-any.whl (136 kB)
Using cached charset_normalizer-3.5.1-cp312-cp312-manylinux2014_x86_64.manylinux_2_17_x86_64.manylinux_2_28_x86_64.whl (248 kB)
Downloading idna-3.20-py3-none-any.whl (69 kB)
   ━━━━━━━━━━━━━━━━━━━━━━━━━━━━━━━━━━━━━━━━ 69.6/69.6 kB 3.3 MB/s eta 0:00:00
Downloading markdown-3.10.3-py3-none-any.whl (110 kB)
   ━━━━━━━━━━━━━━━━━━━━━━━━━━━━━━━━━━━━━━━━ 110.8/110.8 kB 5.2 MB/s eta 0:00:00
Using cached markdown_it_py-4.2.0-py3-none-any.whl (91 kB)
Using cached pygments-2.21.0-py3-none-any.whl (1.3 MB)
Downloading tensorboard_data_server-0.7.2-py3-none-manylinux_2_31_x86_64.whl (6.6 MB)
   ━━━━━━━━━━━━━━━━━━━━━━━━━━━━━━━━━━━━━━━━ 6.6/6.6 MB 24.7 MB/s eta 0:00:00
Downloading urllib3-2.8.0-py3-none-any.whl (135 kB)
   ━━━━━━━━━━━━━━━━━━━━━━━━━━━━━━━━━━━━━━━━ 135.7/135.7 kB 3.2 MB/s eta 0:00:00
Downloading werkzeug-3.1.8-py3-none-any.whl (226 kB)
   ━━━━━━━━━━━━━━━━━━━━━━━━━━━━━━━━━━━━━━━━ 226.5/226.5 kB 6.8 MB/s eta 0:00:00
Downloading wheel-0.48.0-py3-none-any.whl (33 kB)
Using cached markupsafe-3.0.3-cp312-cp312-manylinux2014_x86_64.manylinux_2_17_x86_64.manylinux_2_28_x86_64.whl (22 kB)
Using cached mdurl-0.1.2-py3-none-any.whl (10.0 kB)
Installing collected packages: namex, libclang, flatbuffers, wrapt, urllib3, typing-extensions, threadpoolctl, termcolor, tensorboard-data-server, six, setuptools, pygments, protobuf, packaging, opt-einsum, nvidia-nvjitlink-cu12, nvidia-nccl-cu12, nvidia-curand-cu12, nvidia-cufft-cu12, nvidia-cuda-runtime-cu12, nvidia-cuda-nvrtc-cu12, nvidia-cuda-nvcc-cu12, nvidia-cuda-cupti-cu12, nvidia-cublas-cu12, numpy, mdurl, markupsafe, markdown, joblib, idna, gast, charset_normalizer, certifi, absl-py, wheel, werkzeug, scipy, requests, optree, nvidia-cusparse-cu12, nvidia-cudnn-cu12, ml-dtypes, markdown-it-py, h5py, grpcio, google-pasta, tensorboard, scikit-learn, rich, nvidia-cusolver-cu12, astunparse, keras, tensorflow
Successfully installed absl-py-2.5.0 astunparse-1.6.3 certifi-2026.7.22 charset_normalizer-3.5.1 flatbuffers-25.12.19 gast-0.7.0 google-pasta-0.2.0 grpcio-1.84.0 h5py-3.11.0 idna-3.20 joblib-1.4.2 keras-3.4.1 libclang-18.1.1 markdown-3.10.3 markdown-it-py-4.2.0 markupsafe-3.0.3 mdurl-0.1.2 ml-dtypes-0.3.2 namex-0.1.0 numpy-1.26.4 nvidia-cublas-cu12-12.3.4.1 nvidia-cuda-cupti-cu12-12.3.101 nvidia-cuda-nvcc-cu12-12.3.107 nvidia-cuda-nvrtc-cu12-12.3.107 nvidia-cuda-runtime-cu12-12.3.101 nvidia-cudnn-cu12-8.9.7.29 nvidia-cufft-cu12-11.0.12.1 nvidia-curand-cu12-10.3.4.107 nvidia-cusolver-cu12-11.5.4.101 nvidia-cusparse-cu12-12.2.0.103 nvidia-nccl-cu12-2.19.3 nvidia-nvjitlink-cu12-12.3.101 opt-einsum-3.4.0 optree-0.20.0 packaging-26.3 protobuf-4.25.9 pygments-2.21.0 requests-2.34.2 rich-15.0.0 scikit-learn-1.5.2 scipy-1.13.1 setuptools-84.0.0 six-1.17.0 tensorboard-2.16.2 tensorboard-data-server-0.7.2 tensorflow-2.16.2 termcolor-3.3.0 threadpoolctl-3.5.0 typing-extensions-4.16.0 urllib3-2.8.0 werkzeug-3.1.8 wheel-0.48.0 wrapt-2.4.1

[notice] A new release of pip is available: 24.0 -> 26.2.1
[notice] To update, run: /export/home/fjoad/atk-evidence/data/environments/robust-feed-forward-2.16.2/bin/python -m pip install --upgrade pip
