reversed {'epoch': 1, 'loss': 0.6931467056274414, 'elapsed_seconds': 6.597038625011919, 'updates': 1}
reversed {'epoch': 50, 'loss': 0.6931471824645996, 'elapsed_seconds': 7.392044042004272, 'updates': 50}
reversed {'epoch': 100, 'loss': 0.6931471824645996, 'elapsed_seconds': 8.254619125000318, 'updates': 100}
reversed {'epoch': 150, 'loss': 0.6931471824645996, 'elapsed_seconds': 9.064305542007787, 'updates': 150}
reversed {'epoch': 200, 'loss': 0.6931471824645996, 'elapsed_seconds': 9.872740250008064, 'updates': 200}
reversed {'epoch': 250, 'loss': 0.6931471824645996, 'elapsed_seconds': 10.69673337500717, 'updates': 250}
reversed {'epoch': 300, 'loss': 0.6931471824645996, 'elapsed_seconds': 11.529804750010953, 'updates': 300}
{
  "status": "failed_gate",
  "cases": {
    "normal": {
      "status": "complete",
      "updates": 300,
      "test": {
        "finite": true,
        "accuracy": 1.0,
        "bce": 0.2252852113579493,
        "probability_min": 0.3627033233642578,
        "probability_max": 0.9999554753303528
      },
      "learning_gate_passed": true,
      "gradient_group_gate_passed": true
    },
    "reversed": {
      "status": "complete",
      "updates": 300,
      "test": {
        "finite": true,
        "accuracy": 0.5,
        "bce": 0.6931471805599524,
        "probability_min": 0.5000000596046448,
        "probability_max": 0.5000000596046448
      },
      "learning_gate_passed": false,
      "gradient_group_gate_passed": true
    }
  }
}
