test_constructed_cluster_preflight_requires_allocation (tests.test_robust_gru.GRUContractTests.test_constructed_cluster_preflight_requires_allocation) ... ok
test_roundoff_normalization_retains_raw_argmax_and_ties (tests.test_robust_gru.GRUContractTests.test_roundoff_normalization_retains_raw_argmax_and_ties) ... ok
test_runtime_exception_has_fixed_identity_and_ceiling (tests.test_robust_gru.GRUContractTests.test_runtime_exception_has_fixed_identity_and_ceiling) ... ok
test_runtime_exception_preserves_original_failed_gate (tests.test_robust_gru.GRUContractTests.test_runtime_exception_preserves_original_failed_gate) ... ok
test_runtime_exception_rejects_wrong_identity_and_scientific_drift (tests.test_robust_gru.GRUContractTests.test_runtime_exception_rejects_wrong_identity_and_scientific_drift) ... ok
test_runtime_gate_uses_slowest_warm_step_and_has_no_parameter_search (tests.test_robust_gru.GRUContractTests.test_runtime_gate_uses_slowest_warm_step_and_has_no_parameter_search) ... ok
test_saved_preflight_gate_and_identity_are_rechecked (tests.test_robust_gru.GRUContractTests.test_saved_preflight_gate_and_identity_are_rechecked) ... ok
test_sequence_reshape_preserves_every_value_and_rejects_wrong_axes (tests.test_robust_gru.GRUContractTests.test_sequence_reshape_preserves_every_value_and_rejects_wrong_axes) ... ok
test_target_is_the_gru_row (tests.test_robust_gru.GRUContractTests.test_target_is_the_gru_row) ... ok
<frozen importlib._bootstrap>:488: DeprecationWarning: Type google._upb._message.MessageMapContainer uses PyType_Spec with a metaclass that has custom tp_new. This is deprecated and will no longer be allowed in Python 3.14.
<frozen importlib._bootstrap>:488: DeprecationWarning: Type google._upb._message.ScalarMapContainer uses PyType_Spec with a metaclass that has custom tp_new. This is deprecated and will no longer be allowed in Python 3.14.
2026-09-23 15:50:41.375531: E external/local_xla/xla/stream_executor/cuda/cuda_fft.cc:479] Unable to register cuFFT factory: Attempting to register factory for plugin cuFFT when one has already been registered
2026-09-23 15:50:41.400396: E external/local_xla/xla/stream_executor/cuda/cuda_dnn.cc:10575] Unable to register cuDNN factory: Attempting to register factory for plugin cuDNN when one has already been registered
2026-09-23 15:50:41.400446: E external/local_xla/xla/stream_executor/cuda/cuda_blas.cc:1442] Unable to register cuBLAS factory: Attempting to register factory for plugin cuBLAS when one has already been registered
2026-09-23 15:50:45.045760: W tensorflow/compiler/tf2tensorrt/utils/py_utils.cc:38] TF-TRT Warning: Could not find TensorRT
test_constraint_projection_after_a_real_update (tests.test_robust_gru.GRUTensorFlowTests.test_constraint_projection_after_a_real_update) ... ok
test_full_architecture_learns_a_two_sequence_fixture (tests.test_robust_gru.GRUTensorFlowTests.test_full_architecture_learns_a_two_sequence_fixture) ... ok
test_full_fit_path_preserves_batch_guard_partial_history_and_raw_outputs (tests.test_robust_gru.GRUTensorFlowTests.test_full_fit_path_preserves_batch_guard_partial_history_and_raw_outputs) ... {"training_epoch": {"epoch": 1, "seconds": 13.625049583613873, "loss": 0.6917446851730347, "categorical_accuracy": 0.5, "optimizer_updates": 1, "epoch_complete": false}}
ok
test_full_source_architecture_and_constraints (tests.test_robust_gru.GRUTensorFlowTests.test_full_source_architecture_and_constraints) ... ok
test_native_cell_matches_reset_before_hand_calculation (tests.test_robust_gru.GRUTensorFlowTests.test_native_cell_matches_reset_before_hand_calculation) ... ok
test_seed_pairing_and_correct_or_corrupted_constructed_labels (tests.test_robust_gru.GRUTensorFlowTests.test_seed_pairing_and_correct_or_corrupted_constructed_labels) ... ok
test_two_softmax_loss_repair_matches_binary_channel_mean (tests.test_robust_gru.GRUTensorFlowTests.test_two_softmax_loss_repair_matches_binary_channel_mean) ... ok

----------------------------------------------------------------------
Ran 16 tests in 100.295s

OK
2026-09-23 15:52:28.175124: E external/local_xla/xla/stream_executor/cuda/cuda_fft.cc:479] Unable to register cuFFT factory: Attempting to register factory for plugin cuFFT when one has already been registered
2026-09-23 15:52:28.199996: E external/local_xla/xla/stream_executor/cuda/cuda_dnn.cc:10575] Unable to register cuDNN factory: Attempting to register factory for plugin cuDNN when one has already been registered
2026-09-23 15:52:28.200039: E external/local_xla/xla/stream_executor/cuda/cuda_blas.cc:1442] Unable to register cuBLAS factory: Attempting to register factory for plugin cuBLAS when one has already been registered
2026-09-23 15:52:30.975762: W tensorflow/compiler/tf2tensorrt/utils/py_utils.cc:38] TF-TRT Warning: Could not find TensorRT
{"training_epoch": {"epoch": 1, "seconds": 39.86995469033718, "loss": 0.6706962585449219, "categorical_accuracy": 0.6003584265708923, "optimizer_updates": 45, "epoch_complete": true}}
{"training_epoch": {"epoch": 2, "seconds": 29.641041420400143, "loss": 0.6357753276824951, "categorical_accuracy": 0.6469534039497375, "optimizer_updates": 90, "epoch_complete": true}}
{"training_epoch": {"epoch": 3, "seconds": 31.462239556014538, "loss": 0.6342968940734863, "categorical_accuracy": 0.6500896215438843, "optimizer_updates": 135, "epoch_complete": true}}
{"training_epoch": {"epoch": 4, "seconds": 29.021551474928856, "loss": 0.6196072697639465, "categorical_accuracy": 0.6698028445243835, "optimizer_updates": 180, "epoch_complete": true}}
{"training_epoch": {"epoch": 5, "seconds": 30.923790507018566, "loss": 0.5905236601829529, "categorical_accuracy": 0.6962365508079529, "optimizer_updates": 225, "epoch_complete": true}}
{"training_epoch": {"epoch": 6, "seconds": 32.73911865800619, "loss": 0.5764484405517578, "categorical_accuracy": 0.7011649012565613, "optimizer_updates": 270, "epoch_complete": true}}
{"training_epoch": {"epoch": 7, "seconds": 27.52120665460825, "loss": 0.5717206001281738, "categorical_accuracy": 0.7045251131057739, "optimizer_updates": 315, "epoch_complete": true}}
{"training_epoch": {"epoch": 8, "seconds": 33.08149441331625, "loss": 0.5686887502670288, "categorical_accuracy": 0.7175179123878479, "optimizer_updates": 360, "epoch_complete": true}}
{"training_epoch": {"epoch": 9, "seconds": 33.09880255907774, "loss": 0.58448725938797, "categorical_accuracy": 0.6834677457809448, "optimizer_updates": 405, "epoch_complete": true}}
{"training_epoch": {"epoch": 10, "seconds": 25.496463015675545, "loss": 0.545421302318573, "categorical_accuracy": 0.7273745536804199, "optimizer_updates": 450, "epoch_complete": true}}
{"training_epoch": {"epoch": 11, "seconds": 29.205110147595406, "loss": 0.5119287371635437, "categorical_accuracy": 0.7320788502693176, "optimizer_updates": 495, "epoch_complete": true}}
{"training_epoch": {"epoch": 12, "seconds": 25.458937287330627, "loss": 0.5224977731704712, "categorical_accuracy": 0.7311828136444092, "optimizer_updates": 540, "epoch_complete": true}}
{"training_epoch": {"epoch": 13, "seconds": 29.64590075612068, "loss": 0.5696985721588135, "categorical_accuracy": 0.6872760057449341, "optimizer_updates": 585, "epoch_complete": true}}
{"training_epoch": {"epoch": 14, "seconds": 28.1786954626441, "loss": 0.5137607455253601, "categorical_accuracy": 0.7318548560142517, "optimizer_updates": 630, "epoch_complete": true}}
{"training_epoch": {"epoch": 15, "seconds": 25.602538138628006, "loss": 0.488911509513855, "categorical_accuracy": 0.747087836265564, "optimizer_updates": 675, "epoch_complete": true}}
{"training_epoch": {"epoch": 16, "seconds": 32.43209058791399, "loss": 0.4747738242149353, "categorical_accuracy": 0.7526881694793701, "optimizer_updates": 720, "epoch_complete": true}}
{"training_epoch": {"epoch": 17, "seconds": 28.415914461016655, "loss": 0.4789882004261017, "categorical_accuracy": 0.7551523447036743, "optimizer_updates": 765, "epoch_complete": true}}
{"training_epoch": {"epoch": 18, "seconds": 25.68578562885523, "loss": 0.4781491458415985, "categorical_accuracy": 0.7594085931777954, "optimizer_updates": 810, "epoch_complete": true}}
{"training_epoch": {"epoch": 19, "seconds": 24.723304592072964, "loss": 0.4620908796787262, "categorical_accuracy": 0.7567204236984253, "optimizer_updates": 855, "epoch_complete": true}}
{"training_epoch": {"epoch": 20, "seconds": 25.666026957333088, "loss": 0.46853819489479065, "categorical_accuracy": 0.7540322542190552, "optimizer_updates": 900, "epoch_complete": true}}
{"training_epoch": {"epoch": 21, "seconds": 25.5796163007617, "loss": 0.43462416529655457, "categorical_accuracy": 0.7732974886894226, "optimizer_updates": 945, "epoch_complete": true}}
{"training_epoch": {"epoch": 22, "seconds": 25.84122946858406, "loss": 0.43982115387916565, "categorical_accuracy": 0.7688171863555908, "optimizer_updates": 990, "epoch_complete": true}}
{"training_epoch": {"epoch": 23, "seconds": 25.33967635780573, "loss": 0.4200216829776764, "categorical_accuracy": 0.7856183052062988, "optimizer_updates": 1035, "epoch_complete": true}}
{"training_epoch": {"epoch": 24, "seconds": 25.369363635778427, "loss": 0.4358293414115906, "categorical_accuracy": 0.7762096524238586, "optimizer_updates": 1080, "epoch_complete": true}}
{"training_epoch": {"epoch": 25, "seconds": 25.80510912835598, "loss": 0.42145034670829773, "categorical_accuracy": 0.7802419066429138, "optimizer_updates": 1125, "epoch_complete": true}}
{"training_epoch": {"epoch": 26, "seconds": 25.89189327508211, "loss": 0.41461241245269775, "categorical_accuracy": 0.7887544631958008, "optimizer_updates": 1170, "epoch_complete": true}}
{"training_epoch": {"epoch": 27, "seconds": 25.708614192903042, "loss": 0.40247437357902527, "categorical_accuracy": 0.7932347655296326, "optimizer_updates": 1215, "epoch_complete": true}}
{"training_epoch": {"epoch": 28, "seconds": 25.628380432724953, "loss": 0.4392778277397156, "categorical_accuracy": 0.772849440574646, "optimizer_updates": 1260, "epoch_complete": true}}
{"training_epoch": {"epoch": 29, "seconds": 25.55620876699686, "loss": 0.40683862566947937, "categorical_accuracy": 0.7838261723518372, "optimizer_updates": 1305, "epoch_complete": true}}
{"training_epoch": {"epoch": 30, "seconds": 25.59237975627184, "loss": 0.4202703535556793, "categorical_accuracy": 0.772849440574646, "optimizer_updates": 1350, "epoch_complete": true}}
{"training_epoch": {"epoch": 31, "seconds": 25.901097252964973, "loss": 0.3961741328239441, "categorical_accuracy": 0.794130802154541, "optimizer_updates": 1395, "epoch_complete": true}}
{"training_epoch": {"epoch": 32, "seconds": 25.621500350534916, "loss": 0.4014042019844055, "categorical_accuracy": 0.794130802154541, "optimizer_updates": 1440, "epoch_complete": true}}
{"training_epoch": {"epoch": 33, "seconds": 4.020107246935368, "loss": 0.3790081739425659, "categorical_accuracy": 0.8114285469055176, "optimizer_updates": 1447, "epoch_complete": false}}
{"case": "generalized-two-class-p00", "status": "partial", "metrics": {"n": 2232, "TP": 475, "FN": 630, "FP": 99, "TN": 1028, "DR": 42.98642533936651, "FA": 8.784383318544808, "SP": 91.21561668145519, "PR": 82.75261324041811, "ACC": 67.33870967741936, "F1": 56.58129839189994, "AUC": 80.82379440070343, "balanced_accuracy": 67.10102101041085}, "seconds": {"fit": 900.0778480693698, "score": 135.86020236462355, "reload": 47.37144982814789}}
